// Jest Snapshot v1, https://goo.gl/fbAQLP

exports[`Random pages renders correctly 1`] = `
<div
  className="pages__Page-sc-9mrxf5-0 jnmkXX"
>
  <p>
    Hello, #
    Ivan
    !
  </p>
  <p>
    There will be content soon.
  </p>
  <p>
    You need to wait a bit until we release our pre-alpha.
  </p>
  <a
    href="/"
    onClick={[Function]}
  >
    Home
  </a>
</div>
`;

exports[`Renders index page with apollo HOC 1`] = `null`;
